2026-04-13 18:43:28 INFO     ============================================================
2026-04-13 18:43:28 INFO       TecMente - Extração Semanal v1.0 (DBA)
2026-04-13 18:43:28 INFO     ============================================================
2026-04-13 18:43:28 INFO     Pasta de saída : C:\estudos\tecmente\data\2026-04-13
2026-04-13 18:43:28 INFO     Banco          : tecmente@localhost
2026-04-13 18:43:28 INFO     Período        : histórico completo
2026-04-13 18:43:28 INFO     ============================================================
2026-04-13 18:43:30 INFO     Conexão estabelecida.
2026-04-13 18:43:30 INFO     ------------------------------------------------------------
2026-04-13 18:43:30 INFO     Extraindo vendas...
2026-04-13 18:43:37 INFO       vendas.csv                 151,684 linhas (6.7s)
2026-04-13 18:43:37 INFO     Extraindo produtos e estoque...
2026-04-13 18:43:37 INFO       produtos_estoque.csv           918 linhas (0.2s)
2026-04-13 18:43:37 INFO     Extraindo clientes...
2026-04-13 18:43:37 INFO       clientes.csv                 3,500 linhas (0.1s)
2026-04-13 18:43:37 INFO     Extraindo equipe e lojas...
2026-04-13 18:43:37 INFO       equipe_lojas.csv                80 linhas (0.0s)
2026-04-13 18:43:37 INFO     ------------------------------------------------------------
2026-04-13 18:43:37 INFO     RESUMO
2026-04-13 18:43:37 INFO     ------------------------------------------------------------
2026-04-13 18:43:37 INFO       vendas.csv             :  151,684 linhas
2026-04-13 18:43:37 INFO       produtos_estoque.csv   :      918 linhas
2026-04-13 18:43:37 INFO       clientes.csv           :    3,500 linhas
2026-04-13 18:43:37 INFO       equipe_lojas.csv       :       80 linhas
2026-04-13 18:43:37 INFO       Total                  :  156,182 linhas
2026-04-13 18:43:37 INFO       Tempo total            : 9.2s
2026-04-13 18:43:37 INFO       Etapas com erro        : 0
2026-04-13 18:43:37 INFO     ============================================================
2026-04-13 18:43:37 INFO       Extração concluída com sucesso.
2026-04-13 18:43:37 INFO       Próximo passo: tratador.py
2026-04-13 18:43:37 INFO     ============================================================
2026-04-13 18:43:37 INFO     Conexão fechada.
2026-04-13 18:43:55 INFO     ============================================================
2026-04-13 18:43:55 INFO       TecMente - Extração Semanal v1.0 (DBA)
2026-04-13 18:43:55 INFO     ============================================================
2026-04-13 18:43:55 INFO     Pasta de saída : C:\estudos\tecmente\data\2026-04-13
2026-04-13 18:43:55 INFO     Banco          : tecmente@localhost
2026-04-13 18:43:55 INFO     Período        : histórico completo
2026-04-13 18:43:55 INFO     ============================================================
2026-04-13 18:43:57 INFO     Conexão estabelecida.
2026-04-13 18:43:57 INFO     ------------------------------------------------------------
2026-04-13 18:43:57 INFO     Extraindo vendas...
2026-04-13 18:44:03 INFO       vendas.csv                 151,684 linhas (6.1s)
2026-04-13 18:44:03 INFO     Extraindo produtos e estoque...
2026-04-13 18:44:03 INFO       produtos_estoque.csv           918 linhas (0.2s)
2026-04-13 18:44:03 INFO     Extraindo clientes...
2026-04-13 18:44:04 INFO       clientes.csv                 3,500 linhas (0.1s)
2026-04-13 18:44:04 INFO     Extraindo equipe e lojas...
2026-04-13 18:44:04 INFO       equipe_lojas.csv                80 linhas (0.0s)
2026-04-13 18:44:04 INFO     ------------------------------------------------------------
2026-04-13 18:44:04 INFO     RESUMO
2026-04-13 18:44:04 INFO     ------------------------------------------------------------
2026-04-13 18:44:04 INFO       vendas.csv             :  151,684 linhas
2026-04-13 18:44:04 INFO       produtos_estoque.csv   :      918 linhas
2026-04-13 18:44:04 INFO       clientes.csv           :    3,500 linhas
2026-04-13 18:44:04 INFO       equipe_lojas.csv       :       80 linhas
2026-04-13 18:44:04 INFO       Total                  :  156,182 linhas
2026-04-13 18:44:04 INFO       Tempo total            : 8.6s
2026-04-13 18:44:04 INFO       Etapas com erro        : 0
2026-04-13 18:44:04 INFO     ============================================================
2026-04-13 18:44:04 INFO       Extração concluída com sucesso.
2026-04-13 18:44:04 INFO       Próximo passo: tratador.py
2026-04-13 18:44:04 INFO     ============================================================
2026-04-13 18:44:04 INFO     Conexão fechada.
